   error(existence_error(procedure,call/0),call/0).
