Warning: singleton variables X at line 3 of issue812-singleton-warning.pl
