   error(permission_error(modify,static_procedure,(',')/2),load/1).
   error(permission_error(modify,static_procedure,(/+)/1),load/1).
   error(type_error(evaluable,'.'/2),load/1).
