% Info: Selected 1432th out of 2136 found aritmetic relations that satisfy ttttt template:
	A is+sqrt(-e).
% Warning: singleton variables A at line 0 of chnytjl.pl
